kotlin version: 2.2.10
error message: java.lang.AssertionError: Could not initialize class org.jetbrains.kotlin.com.intellij.openapi.application.ModalityState
	at org.jetbrains.kotlin.com.intellij.openapi.diagnostic.DefaultLogger.error(DefaultLogger.java:83)
	at org.jetbrains.kotlin.com.intellij.openapi.diagnostic.Logger.error(Logger.java:436)
	at org.jetbrains.kotlin.com.intellij.openapi.extensions.impl.ExtensionPointImpl.notifyListeners(ExtensionPointImpl.kt:652)
	at org.jetbrains.kotlin.com.intellij.openapi.extensions.impl.ExtensionPointImpl.doRegisterExtension(ExtensionPointImpl.kt:141)
	at org.jetbrains.kotlin.com.intellij.openapi.extensions.impl.ExtensionPointImpl.registerExtension(ExtensionPointImpl.kt:110)
	at org.jetbrains.kotlin.com.intellij.openapi.extensions.impl.ExtensionPointImpl.registerExtension(ExtensionPointImpl.kt:106)
	at org.jetbrains.kotlin.com.intellij.core.CoreApplicationEnvironment.addExtension(CoreApplicationEnvironment.java:204)
	at org.jetbrains.kotlin.com.intellij.core.JavaCoreApplicationEnvironment.<init>(JavaCoreApplicationEnvironment.java:98)
	at org.jetbrains.kotlin.cli.jvm.compiler.KotlinCoreApplicationEnvironment.<init>(KotlinCoreApplicationEnvironment.kt:44)
	at org.jetbrains.kotlin.cli.jvm.compiler.KotlinCoreApplicationEnvironment.<init>(KotlinCoreApplicationEnvironment.kt)
	at org.jetbrains.kotlin.cli.jvm.compiler.KotlinCoreApplicationEnvironment$Companion.create(KotlinCoreApplicationEnvironment.kt:113)
	at org.jetbrains.kotlin.cli.jvm.compiler.KotlinCoreEnvironment$Companion.createApplicationEnvironment(KotlinCoreEnvironment.kt:695)
	at org.jetbrains.kotlin.cli.jvm.compiler.KotlinCoreEnvironment$Companion.getOrCreateApplicationEnvironment(KotlinCoreEnvironment.kt:580)
	at org.jetbrains.kotlin.cli.jvm.compiler.KotlinCoreEnvironment$Companion.getOrCreateApplicationEnvironment(KotlinCoreEnvironment.kt:568)
	at org.jetbrains.kotlin.cli.jvm.compiler.legacy.pipeline.JvmCompilerPipelineKt.createProjectEnvironment(jvmCompilerPipeline.kt:247)
	at org.jetbrains.kotlin.cli.pipeline.jvm.JvmFrontendPipelinePhase.createEnvironmentAndSources(JvmFrontendPipelinePhase.kt:209)
	at org.jetbrains.kotlin.cli.pipeline.jvm.JvmFrontendPipelinePhase.executePhase(JvmFrontendPipelinePhase.kt:74)
	at org.jetbrains.kotlin.cli.pipeline.jvm.JvmFrontendPipelinePhase.executePhase(JvmFrontendPipelinePhase.kt:56)
	at org.jetbrains.kotlin.cli.pipeline.PipelinePhase.phaseBody(PipelinePhase.kt:68)
	at org.jetbrains.kotlin.cli.pipeline.PipelinePhase.phaseBody(PipelinePhase.kt:58)
	at org.jetbrains.kotlin.config.phaser.NamedCompilerPhase.invoke(CompilerPhase.kt:102)
	at org.jetbrains.kotlin.backend.common.phaser.CompositePhase.invoke(PhaseBuilders.kt:22)
	at org.jetbrains.kotlin.config.phaser.CompilerPhaseKt.invokeToplevel(CompilerPhase.kt:53)
	at org.jetbrains.kotlin.cli.pipeline.AbstractCliPipeline.runPhasedPipeline(AbstractCliPipeline.kt:109)
	at org.jetbrains.kotlin.cli.pipeline.AbstractCliPipeline.execute(AbstractCliPipeline.kt:68)
	at org.jetbrains.kotlin.cli.jvm.K2JVMCompiler.doExecutePhased(K2JVMCompiler.kt:78)
	at org.jetbrains.kotlin.cli.jvm.K2JVMCompiler.doExecutePhased(K2JVMCompiler.kt:44)
	at org.jetbrains.kotlin.cli.common.CLICompiler.execImpl(CLICompiler.kt:90)
	at org.jetbrains.kotlin.cli.common.CLICompiler.exec(CLICompiler.kt:352)
	at org.jetbrains.kotlin.incremental.IncrementalJvmCompilerRunnerBase.runCompiler(IncrementalJvmCompilerRunnerBase.kt:175)
	at org.jetbrains.kotlin.incremental.IncrementalJvmCompilerRunnerBase.runCompiler(IncrementalJvmCompilerRunnerBase.kt:38)
	at org.jetbrains.kotlin.incremental.IncrementalCompilerRunner.doCompile(IncrementalCompilerRunner.kt:504)
	at org.jetbrains.kotlin.incremental.IncrementalCompilerRunner.compileImpl(IncrementalCompilerRunner.kt:421)
	at org.jetbrains.kotlin.incremental.IncrementalCompilerRunner.compileNonIncrementally(IncrementalCompilerRunner.kt:306)
	at org.jetbrains.kotlin.incremental.IncrementalCompilerRunner.compile(IncrementalCompilerRunner.kt:133)
	at org.jetbrains.kotlin.daemon.CompileServiceImplBase.execIncrementalCompiler(CompileServiceImpl.kt:679)
	at org.jetbrains.kotlin.daemon.CompileServiceImplBase.access$execIncrementalCompiler(CompileServiceImpl.kt:93)
	at org.jetbrains.kotlin.daemon.CompileServiceImpl.compile(CompileServiceImpl.kt:1806)
	at java.base/jdk.internal.reflect.DirectMethodHandleAccessor.invoke(Unknown Source)
	at java.base/java.lang.reflect.Method.invoke(Unknown Source)
	at java.rmi/sun.rmi.server.UnicastServerRef.dispatch(Unknown Source)
	at java.rmi/sun.rmi.transport.Transport$1.run(Unknown Source)
	at java.rmi/sun.rmi.transport.Transport$1.run(Unknown Source)
	at java.base/java.security.AccessController.doPrivileged(Unknown Source)
	at java.rmi/sun.rmi.transport.Transport.serviceCall(Unknown Source)
	at java.rmi/sun.rmi.transport.tcp.TCPTransport.handleMessages(Unknown Source)
	at java.rmi/sun.rmi.transport.tcp.TCPTransport$ConnectionHandler.run0(Unknown Source)
	at java.rmi/sun.rmi.transport.tcp.TCPTransport$ConnectionHandler.lambda$run$0(Unknown Source)
	at java.base/java.security.AccessController.doPrivileged(Unknown Source)
	at java.rmi/sun.rmi.transport.tcp.TCPTransport$ConnectionHandler.run(Unknown Source)
	at java.base/java.util.concurrent.ThreadPoolExecutor.runWorker(Unknown Source)
	at java.base/java.util.concurrent.ThreadPoolExecutor$Worker.run(Unknown Source)
	at java.base/java.lang.Thread.run(Unknown Source)
Caused by: java.lang.NoClassDefFoundError: Could not initialize class org.jetbrains.kotlin.com.intellij.openapi.application.ModalityState
	at org.jetbrains.kotlin.com.intellij.openapi.fileTypes.BinaryFileTypeDecompilers.notifyDecompilerSetChange(BinaryFileTypeDecompilers.java:25)
	at org.jetbrains.kotlin.com.intellij.psi.compiled.ClassFileDecompilers.lambda$new$0(ClassFileDecompilers.java:81)
	at org.jetbrains.kotlin.com.intellij.openapi.extensions.impl.ExtensionPointImpl$doAddChangeListener$listenerAdapter$1.extensionListChanged(ExtensionPointImpl.kt:746)
	at org.jetbrains.kotlin.com.intellij.openapi.extensions.impl.ExtensionPointImpl.notifyListeners(ExtensionPointImpl.kt:646)
	... 50 more
Caused by: java.lang.ExceptionInInitializerError: Exception java.lang.OutOfMemoryError [in thread "RMI TCP Connection(2)-127.0.0.1"]
	at java.base/java.lang.ClassLoader.defineClass1(Native Method)
	at java.base/java.lang.ClassLoader.defineClass(Unknown Source)
	at java.base/java.security.SecureClassLoader.defineClass(Unknown Source)
	at java.base/jdk.internal.loader.BuiltinClassLoader.defineClass(Unknown Source)
	at java.base/jdk.internal.loader.BuiltinClassLoader.findClassOnClassPathOrNull(Unknown Source)
	at java.base/jdk.internal.loader.BuiltinClassLoader.loadClassOrNull(Unknown Source)
	at java.base/jdk.internal.loader.BuiltinClassLoader.loadClass(Unknown Source)
	at java.base/jdk.internal.loader.ClassLoaders$AppClassLoader.loadClass(Unknown Source)
	at java.base/java.lang.ClassLoader.loadClass(Unknown Source)
	at java.base/java.lang.ClassLoader.defineClass1(Native Method)
	at java.base/java.lang.ClassLoader.defineClass(Unknown Source)
	at java.base/java.security.SecureClassLoader.defineClass(Unknown Source)
	at java.base/jdk.internal.loader.BuiltinClassLoader.defineClass(Unknown Source)
	at java.base/jdk.internal.loader.BuiltinClassLoader.findClassOnClassPathOrNull(Unknown Source)
	at java.base/jdk.internal.loader.BuiltinClassLoader.loadClassOrNull(Unknown Source)
	at java.base/jdk.internal.loader.BuiltinClassLoader.loadClass(Unknown Source)
	at java.base/jdk.internal.loader.ClassLoaders$AppClassLoader.loadClass(Unknown Source)
	at java.base/java.lang.ClassLoader.loadClass(Unknown Source)
	at org.jetbrains.kotlin.com.intellij.util.containers.CollectionFactory.createConcurrentWeakMap(CollectionFactory.java:20)
	at org.jetbrains.kotlin.com.intellij.openapi.application.impl.ModalityStateEx.<clinit>(ModalityStateEx.java:25)
	at java.base/java.lang.Class.forName0(Native Method)
	at java.base/java.lang.Class.forName(Unknown Source)
	at java.base/java.lang.Class.forName(Unknown Source)
	at org.jetbrains.kotlin.com.intellij.openapi.application.ModalityState.<clinit>(ModalityState.java:48)
	at org.jetbrains.kotlin.com.intellij.openapi.fileTypes.BinaryFileTypeDecompilers.notifyDecompilerSetChange(BinaryFileTypeDecompilers.java:25)
	at org.jetbrains.kotlin.com.intellij.psi.compiled.ClassFileDecompilers.lambda$new$0(ClassFileDecompilers.java:81)
	at org.jetbrains.kotlin.com.intellij.openapi.extensions.impl.ExtensionPointImpl$doAddChangeListener$listenerAdapter$1.extensionListChanged(ExtensionPointImpl.kt:746)
	at org.jetbrains.kotlin.com.intellij.openapi.extensions.impl.ExtensionPointImpl.notifyListeners(ExtensionPointImpl.kt:646)
	at org.jetbrains.kotlin.com.intellij.openapi.extensions.impl.ExtensionPointImpl.doRegisterExtension(ExtensionPointImpl.kt:141)
	at org.jetbrains.kotlin.com.intellij.openapi.extensions.impl.ExtensionPointImpl.registerExtension(ExtensionPointImpl.kt:110)
	at org.jetbrains.kotlin.com.intellij.openapi.extensions.impl.ExtensionPointImpl.registerExtension(ExtensionPointImpl.kt:106)
	at org.jetbrains.kotlin.com.intellij.core.CoreApplicationEnvironment.addExtension(CoreApplicationEnvironment.java:204)
	at org.jetbrains.kotlin.com.intellij.core.JavaCoreApplicationEnvironment.<init>(JavaCoreApplicationEnvironment.java:98)
	at org.jetbrains.kotlin.cli.jvm.compiler.KotlinCoreApplicationEnvironment.<init>(KotlinCoreApplicationEnvironment.kt:44)
	at org.jetbrains.kotlin.cli.jvm.compiler.KotlinCoreApplicationEnvironment.<init>(KotlinCoreApplicationEnvironment.kt)
	at org.jetbrains.kotlin.cli.jvm.compiler.KotlinCoreApplicationEnvironment$Companion.create(KotlinCoreApplicationEnvironment.kt:113)
	at org.jetbrains.kotlin.cli.jvm.compiler.KotlinCoreEnvironment$Companion.createApplicationEnvironment(KotlinCoreEnvironment.kt:695)
	at org.jetbrains.kotlin.cli.jvm.compiler.KotlinCoreEnvironment$Companion.getOrCreateApplicationEnvironment(KotlinCoreEnvironment.kt:580)
	at org.jetbrains.kotlin.cli.jvm.compiler.KotlinCoreEnvironment$Companion.getOrCreateApplicationEnvironment(KotlinCoreEnvironment.kt:568)
	at org.jetbrains.kotlin.cli.jvm.compiler.KotlinCoreEnvironment$Companion.createForProduction(KotlinCoreEnvironment.kt:472)
	at org.jetbrains.kotlin.incremental.parsing.ParseFileUtilsKt.classesFqNames(parseFileUtils.kt:47)
	at org.jetbrains.kotlin.incremental.parsing.ParseFileUtilsKt.classesFqNames(parseFileUtils.kt:35)
	at org.jetbrains.kotlin.incremental.dirtyFiles.ChangesDetectionUtilsKt.getRemovedClassesChanges(changesDetectionUtils.kt:140)
	at org.jetbrains.kotlin.incremental.dirtyFiles.JvmSourcesToCompileCalculator.calculateSourcesToCompileWithKnownChanges(JvmSourcesToCompileCalculator.kt:77)
	at org.jetbrains.kotlin.incremental.dirtyFiles.JvmSourcesToCompileCalculator.calculateSourcesToCompileImpl(JvmSourcesToCompileCalculator.kt:49)
	at org.jetbrains.kotlin.incremental.dirtyFiles.JvmSourcesToCompileCalculator.calculateWithClasspathSnapshot(JvmSourcesToCompileCalculator.kt:97)
	at org.jetbrains.kotlin.incremental.IncrementalJvmCompilerRunner.calculateSourcesToCompile(IncrementalJvmCompilerRunner.kt:60)
	at org.jetbrains.kotlin.incremental.IncrementalJvmCompilerRunner.calculateSourcesToCompile(IncrementalJvmCompilerRunner.kt:23)
	at org.jetbrains.kotlin.incremental.IncrementalCompilerRunner.tryCompileIncrementally$lambda$10$compile(IncrementalCompilerRunner.kt:230)
	at org.jetbrains.kotlin.incremental.IncrementalCompilerRunner.tryCompileIncrementally(IncrementalCompilerRunner.kt:272)
	at org.jetbrains.kotlin.incremental.IncrementalCompilerRunner.compile(IncrementalCompilerRunner.kt:124)
	... 18 more


